// Jest Snapshot v1, https://goo.gl/fbAQLP

exports[`My component renders the UI as expected 1`] = `
<div>
  Here is an instance of a comp component. Aren't we having fun?
</div>
`;
